2025-09-25 11:17:17,831 - Knowledge - INFO - Redis support added with prefix knowledge:b08732p:
2025-09-25 11:17:18,050 - Knowledge - INFO - load persisted knowledge: begin
2025-09-25 11:17:18,142 - Knowledge - INFO - load persisted knowledge: end
2025-09-25 11:17:18,232 - Knowledge - INFO - load persisted docinfo: begin
2025-09-25 11:17:18,343 - Knowledge - INFO - load persisted docinfo: end
2025-09-25 11:17:18,445 - Knowledge - INFO - worker kw1 created with dedicated MongoDB connection (total: 1)
2025-09-25 11:17:18,532 - Knowledge - INFO - knowledge worker kw1 start
2025-09-25 11:17:18,605 - Knowledge - INFO - worker kw1 pull /app/data/kaviademo4200/2379/b08732p/tailwind_migration-2379/README.md from ingest queue
2025-09-25 11:17:18,719 - Knowledge - INFO - process ingested knowledge for /app/data/kaviademo4200/2379/b08732p/tailwind_migration-2379/README.md
2025-09-25 11:17:18,800 - Knowledge - INFO - Found code-base-name: https://github.com/kavia-common/tailwind_migration-2379.git:kavia-main
2025-09-25 11:17:18,875 - Knowledge - INFO - Found code_base: <app.utils.kg_build.knowledge.KnowledgeCodeBase object at 0x7f7e37770750>
2025-09-25 11:17:18,988 - Knowledge - INFO - persist ingested knowledge for /app/data/kaviademo4200/2379/b08732p/tailwind_migration-2379/README.md
2025-09-25 11:17:19,118 - Knowledge - INFO - adding /app/data/kaviademo4200/2379/b08732p/tailwind_migration-2379/README.md to ingest queue
2025-09-25 11:17:19,216 - Knowledge - INFO - worker kw1 pull /app/data/kaviademo4200/2379/b08732p/tailwind_migration-2379/README.md from ingest queue
2025-09-25 11:17:19,301 - Knowledge - INFO - Thread kw1 - File README.md - Remaining files in queue: 0
2025-09-25 11:17:19,394 - Knowledge - INFO - start ingest for /app/data/kaviademo4200/2379/b08732p/tailwind_migration-2379/README.md
2025-09-25 11:17:19,492 - Knowledge - INFO - Fast-track processing for simple file: /app/data/kaviademo4200/2379/b08732p/tailwind_migration-2379/README.md
2025-09-25 11:17:19,601 - Knowledge - INFO - done fast ingest for /app/data/kaviademo4200/2379/b08732p/tailwind_migration-2379/README.md
2025-09-25 11:17:19,708 - Knowledge - INFO - process ingested knowledge for /app/data/kaviademo4200/2379/b08732p/tailwind_migration-2379/README.md
2025-09-25 11:17:19,797 - Knowledge - INFO - Found code-base-name: https://github.com/kavia-common/tailwind_migration-2379.git:kavia-main
2025-09-25 11:17:19,876 - Knowledge - INFO - Found code_base: <app.utils.kg_build.knowledge.KnowledgeCodeBase object at 0x7f7e37770750>
2025-09-25 11:17:19,950 - Knowledge - INFO - persist ingested knowledge for /app/data/kaviademo4200/2379/b08732p/tailwind_migration-2379/README.md
2025-09-25 11:17:20,111 - Knowledge - INFO - Knowledge creation complete
2025-09-25 11:17:20,192 - Knowledge - INFO - Updating org costs, total cost: 0
2025-09-25 11:17:20,558 - Knowledge - INFO - Saving knowledge to Redis...
2025-09-25 11:17:20,644 - Knowledge - INFO - Knowledge saved to Redis successfully
2025-09-26 09:39:17,505 - Knowledge - INFO - Redis support added with prefix knowledge:b08732p:
2025-09-26 09:39:17,754 - Knowledge - INFO - load persisted knowledge: begin
2025-09-26 09:39:17,850 - Knowledge - INFO - Persisted knowledge files in /app/data/kaviademo4200/2379/b08732p/tailwind_migration-2379/.knowledge have been renamed to use .json
2025-09-26 09:39:17,957 - Knowledge - INFO - Found code-base-name: https://github.com/kavia-common/tailwind_migration-2379.git:kavia-main
2025-09-26 09:39:18,036 - Knowledge - INFO - Found code_base: <app.utils.kg_build.knowledge.KnowledgeCodeBase object at 0x7f30b298cb10>
2025-09-26 09:39:18,125 - Knowledge - INFO - process ingested knowledge for /app/data/kaviademo4200/2379/b08732p/tailwind_migration-2379/README.md
2025-09-26 09:39:18,212 - Knowledge - INFO - load persisted knowledge: end
2025-09-26 09:39:18,284 - Knowledge - INFO - load persisted docinfo: begin
2025-09-26 09:39:18,365 - Knowledge - INFO - load persisted docinfo: end
2025-09-26 09:39:18,452 - Knowledge - INFO - worker kw1 created with dedicated MongoDB connection (total: 1)
2025-09-26 09:39:18,553 - Knowledge - INFO - knowledge worker kw1 start
2025-09-26 09:39:18,663 - Knowledge - INFO - Knowledge creation complete
2025-09-26 09:39:18,759 - Knowledge - INFO - Updating org costs, total cost: 0
2025-09-26 09:39:19,572 - Knowledge - INFO - Saving knowledge to Redis...
2025-09-26 09:39:19,694 - Knowledge - INFO - Knowledge saved to Redis successfully
